     VMA      LMA     Size Align Out     In      Symbol
       0        0        0     1 
80000000 80000000       8c     1 .init
80000000 80000000        0     1         _text = .
80000000 80000000       8c     1         build/start.o:(.init)
80000000 80000000        0     1                 
80000000 80000000        0     1                 .Lpcrel_hi0
80000000 80000000        0     1                 _start
80000014 80000014        0     1                 .Lpcrel_hi1
8000001c 8000001c        0     1                 .Lpcrel_hi2
80000024 80000024        0     1                 .Lpcrel_hi3
8000002c 8000002c        0     1                 .Lpcrel_hi4
80000038 80000038        0     1                 .Ltmp1
8000004c 8000004c        0     1                 .Ltmp0
8000004c 8000004c        0     1                 .Lpcrel_hi5
80000054 80000054        0     1                 .Lpcrel_hi6
80000060 80000060        0     1                 .Ltmp3
8000006c 8000006c        0     1                 .Ltmp2
8000007c 8000007c        0     1                 .Ltmp4
80000084 80000084        0     1                 secondary
8000008c 8000008c        0     1                 
80000100 80000100    138e8   128 .text
80000100 80000100       40   128         build/vector.o:(.text)
80000100 80000100        0     1                 IRQ_0
80000100 80000100        0     1                 freertos_vector_table
80000104 80000104        0     1                 IRQ_1
80000108 80000108        0     1                 IRQ_2
8000010c 8000010c        0     1                 IRQ_3
80000110 80000110        0     1                 IRQ_4
80000114 80000114        0     1                 IRQ_5
80000118 80000118        0     1                 IRQ_6
8000011c 8000011c        0     1                 IRQ_7
80000120 80000120        0     1                 IRQ_8
80000124 80000124        0     1                 IRQ_9
80000128 80000128        0     1                 IRQ_10
8000012c 8000012c        0     1                 IRQ_11
80000130 80000130        0     1                 IRQ_12
80000134 80000134        0     1                 IRQ_13
80000138 80000138        0     1                 IRQ_14
8000013c 8000013c        0     1                 IRQ_15
80000140 80000140      120     4         build//home/lt/work/demo/FreeRTOSv_202212.0.01/FreeRTOS/Source/portable/GCC/RISC-V/portASM.o:(.text)
80000140 80000140        0     1                 pxPortInitialiseStack
80000170 80000170        0     1                 .Lpcrel_hi0
80000180 80000180        0     1                 chip_specific_stack_frame
80000194 80000194        0     1                 .Ltmp0
800001a0 800001a0        0     1                 .Lpcrel_hi1
800001a0 800001a0        0     1                 xPortStartFirstTask
80000218 80000218        0     1                 .Lpcrel_hi2
80000240 80000240        0     1                 freertos_risc_v_application_exception_handler
8000024c 8000024c        0     1                 
80000250 80000250        0     1                 freertos_risc_v_application_interrupt_handler
8000025c 8000025c        0     1                 
80000260 80000260      202     1         build//home/lt/work/demo/FreeRTOSv_202212.0.01/FreeRTOS/Source/portable/GCC/RISC-V/portASM.o:(.text.freertos_risc_v_exception_handler)
80000260 80000260        0     1                 freertos_risc_v_exception_handler
800002d4 800002d4        0     1                 .Lpcrel_hi3
800002e8 800002e8        0     1                 .Lpcrel_hi4
80000304 80000304        0     1                 .Lpcrel_hi5
80000318 80000318        0     1                 .Lpcrel_hi6
80000338 80000338        0     1                 .Lpcrel_hi7
800003bc 800003bc        0     1                 other_exception
800003be 800003be        0     1                 .Lpcrel_hi8
800003de 800003de        0     1                 .Lpcrel_hi9
80000462 80000462      14e     1         build//home/lt/work/demo/FreeRTOSv_202212.0.01/FreeRTOS/Source/portable/GCC/RISC-V/portASM.o:(.text.freertos_risc_v_interrupt_handler)
80000462 80000462        0     1                 freertos_risc_v_interrupt_handler
800004d6 800004d6        0     1                 .Lpcrel_hi10
800004ea 800004ea        0     1                 .Lpcrel_hi11
80000502 80000502        0     1                 .Lpcrel_hi12
8000050c 8000050c        0     1                 .Lpcrel_hi13
8000052c 8000052c        0     1                 .Lpcrel_hi14
800005b0 800005b0      19c     1         build//home/lt/work/demo/FreeRTOSv_202212.0.01/FreeRTOS/Source/portable/GCC/RISC-V/portASM.o:(.text.freertos_risc_v_mtimer_interrupt_handler)
800005b0 800005b0        0     1                 freertos_risc_v_mtimer_interrupt_handler
80000624 80000624        0     1                 .Lpcrel_hi15
80000638 80000638        0     1                 .Lpcrel_hi16
80000650 80000650        0     1                 .Lpcrel_hi17
80000658 80000658        0     1                 .Lpcrel_hi18
80000660 80000660        0     1                 .Lpcrel_hi19
80000680 80000680        0     1                 .Lpcrel_hi20
800006a8 800006a8        0     1                 exit_without_context_switch
800006a8 800006a8        0     1                 .Lpcrel_hi21
800006c8 800006c8        0     1                 .Lpcrel_hi22
8000074c 8000074c       a8     2         /home/lt/APP/Terapines/zcc/install-zcc/bin/../lib/gcc/riscv32-unknown-unknown-elf/11.1.0/../../../../riscv64-unknown-elf/lib/rv32imac/ilp32/libc.a(lib_a-memset.o):(.text)
8000074c 8000074c       a8     1                 memset
8000075a 8000075a        0     1                 .Laligned
8000075c 8000075c        0     1                 .Lwordified
80000764 80000764        0     1                 .Ltmp0
80000776 80000776        0     1                 .Ltiny
8000077c 8000077c        0     1                 .Ltmp1
80000782 80000782        0     1                 .Ltable_misaligned
80000786 80000786        0     1                 .Ltable
800007c4 800007c4        0     1                 .Lwordify
800007d6 800007d6        0     1                 .Lmisaligned
800007da 800007da        0     1                 .Ltmp2
800007f4 800007f4      2d6     2         /home/lt/APP/Terapines/zcc/install-zcc/bin/../riscv64-unknown-elf/lib/rv32imac/ilp32/libclang_rt.builtins.a(extenddftf2.c.obj):(.text)
800007f4 800007f4      2d6     1                 __extenddftf2
8000083e 8000083e        0     1                 .LBB0_2
80000868 80000868        0     1                 .LBB0_4
8000087c 8000087c        0     1                 .LBB0_8
80000888 80000888        0     1                 .LBB0_10
80000890 80000890        0     1                 .LBB0_11
8000089a 8000089a        0     1                 .LBB0_13
800008a4 800008a4        0     1                 .LBB0_15
800008aa 800008aa        0     1                 .LBB0_16
800008b4 800008b4        0     1                 .LBB0_17
800008b6 800008b6        0     1                 .LBB0_18
800008be 800008be        0     1                 .LBB0_20
800008c0 800008c0        0     1                 .LBB0_21
800008c2 800008c2        0     1                 .LBB0_22
800008cc 800008cc        0     1                 .LBB0_24
800008d4 800008d4        0     1                 .LBB0_25
800008dc 800008dc        0     1                 .LBB0_26
800008e2 800008e2        0     1                 .LBB0_27
800008ec 800008ec        0     1                 .LBB0_28
800008ee 800008ee        0     1                 .LBB0_29
800008f0 800008f0        0     1                 .LBB0_30
800008fa 800008fa        0     1                 .LBB0_32
800008fc 800008fc        0     1                 .LBB0_33
80000906 80000906        0     1                 .LBB0_35
8000090e 8000090e        0     1                 .LBB0_36
80000a94 80000a94        0     1                 .LBB0_37
80000ac2 80000ac2        0     1                 .LBB0_38
80000aca 80000aca      24e     2         /home/lt/APP/Terapines/zcc/install-zcc/bin/../riscv64-unknown-elf/lib/rv32imac/ilp32/libclang_rt.builtins.a(comparetf2.c.obj):(.text)
80000aca 80000aca       f8     1                 __letf2
80000aca 80000aca       f8     1                 __cmptf2
80000aca 80000aca       f8     1                 __eqtf2
80000aca 80000aca       f8     1                 __lttf2
80000aca 80000aca       f8     1                 __netf2
80000aee 80000aee        0     1                 .LBB0_2
80000af2 80000af2        0     1                 .LBB0_3
80000b10 80000b10        0     1                 .LBB0_5
80000b1e 80000b1e        0     1                 .LBB0_7
80000b22 80000b22        0     1                 .LBB0_8
80000b38 80000b38        0     1                 .LBB0_10
80000b68 80000b68        0     1                 .LBB0_15
80000b6e 80000b6e        0     1                 .LBB0_16
80000b7a 80000b7a        0     1                 .LBB0_18
80000b80 80000b80        0     1                 .LBB0_19
80000b88 80000b88        0     1                 .LBB0_20
80000b8e 80000b8e        0     1                 .LBB0_21
80000b96 80000b96        0     1                 .LBB0_22
80000b9a 80000b9a        0     1                 .LBB0_23
80000baa 80000baa        0     1                 .LBB0_25
80000bc0 80000bc0        0     1                 .LBB0_27
80000bc2 80000bc2       fa     1                 __getf2
80000bc2 80000bc2       fa     1                 __gttf2
80000be6 80000be6        0     1                 .LBB1_2
80000bea 80000bea        0     1                 .LBB1_3
80000c08 80000c08        0     1                 .LBB1_5
80000c16 80000c16        0     1                 .LBB1_7
80000c1a 80000c1a        0     1                 .LBB1_8
80000c30 80000c30        0     1                 .LBB1_10
80000c60 80000c60        0     1                 .LBB1_15
80000c66 80000c66        0     1                 .LBB1_16
80000c6a 80000c6a        0     1                 .LBB1_17
80000c76 80000c76        0     1                 .LBB1_19
80000c7c 80000c7c        0     1                 .LBB1_20
80000c84 80000c84        0     1                 .LBB1_21
80000c8a 80000c8a        0     1                 .LBB1_22
80000c92 80000c92        0     1                 .LBB1_23
80000c96 80000c96        0     1                 .LBB1_24
80000ca6 80000ca6        0     1                 .LBB1_26
80000cba 80000cba        0     1                 .LBB1_28
80000cbc 80000cbc       5c     1                 __unordtf2
80000cd6 80000cd6        0     1                 .LBB2_2
80000cda 80000cda        0     1                 .LBB2_3
80000cee 80000cee        0     1                 .LBB2_5
80000cfc 80000cfc        0     1                 .LBB2_7
80000d00 80000d00        0     1                 .LBB2_8
80000d12 80000d12        0     1                 .LBB2_10
80000d18 80000d18      490     2         /home/lt/APP/Terapines/zcc/install-zcc/bin/../riscv64-unknown-elf/lib/rv32imac/ilp32/libclang_rt.builtins.a(trunctfdf2.c.obj):(.text)
80000d18 80000d18      490     1                 __trunctfdf2
80000d7e 80000d7e        0     1                 .LBB0_3
80000d90 80000d90        0     1                 .LBB0_5
80000db4 80000db4        0     1                 .LBB0_7
80000db8 80000db8        0     1                 .LBB0_8
80000dce 80000dce        0     1                 .LBB0_10
80000dd8 80000dd8        0     1                 .LBB0_11
80000df4 80000df4        0     1                 .LBB0_12
80000e12 80000e12        0     1                 .LBB0_14
80000e24 80000e24        0     1                 .LBB0_16
80001158 80001158        0     1                 .LBB0_18
8000115c 8000115c        0     1                 .LBB0_19
8000116c 8000116c        0     1                 .LBB0_21
8000117e 8000117e        0     1                 .LBB0_23
80001180 80001180        0     1                 .LBB0_24
800011a8 800011a8     106c     2         /home/lt/APP/Terapines/zcc/install-zcc/bin/../riscv64-unknown-elf/lib/rv32imac/ilp32/libclang_rt.builtins.a(multf3.c.obj):(.text)
800011a8 800011a8     106c     1                 __multf3
80001262 80001262        0     1                 .LBB0_3
8000127a 8000127a        0     1                 .LBB0_5
80001294 80001294        0     1                 .LBB0_7
8000129a 8000129a        0     1                 .LBB0_8
800012f2 800012f2        0     1                 .LBB0_10
8000130a 8000130a        0     1                 .LBB0_12
8000133e 8000133e        0     1                 .LBB0_14
8000136c 8000136c        0     1                 .LBB0_16
80001392 80001392        0     1                 .LBB0_18
800013b4 800013b4        0     1                 .LBB0_20
800013d8 800013d8        0     1                 .LBB0_22
80001404 80001404        0     1                 .LBB0_24
8000142e 8000142e        0     1                 .LBB0_26
8000145a 8000145a        0     1                 .LBB0_28
8000148e 8000148e        0     1                 .LBB0_30
800014d4 800014d4        0     1                 .LBB0_32
800014fa 800014fa        0     1                 .LBB0_34
80001570 80001570        0     1                 .LBB0_36
80001572 80001572        0     1                 .LBB0_37
8000158c 8000158c        0     1                 .LBB0_39
800015aa 800015aa        0     1                 .LBB0_41
800015b6 800015b6        0     1                 .LBB0_42
800015be 800015be        0     1                 .LBB0_43
800015ca 800015ca        0     1                 .LBB0_44
800015d8 800015d8        0     1                 .LBB0_45
80001c2a 80001c2a        0     1                 .LBB0_47
80001c42 80001c42        0     1                 .LBB0_49
80001c4a 80001c4a        0     1                 .LBB0_50
80001c6c 80001c6c        0     1                 .LBB0_52
80001c9c 80001c9c        0     1                 .LBB0_54
80001cac 80001cac        0     1                 .LBB0_56
80001cbc 80001cbc        0     1                 .LBB0_58
80001cbe 80001cbe        0     1                 .LBB0_59
80001cc0 80001cc0        0     1                 .LBB0_60
80001d08 80001d08        0     1                 .LBB0_61
80001d14 80001d14        0     1                 .LBB0_62
80001d1a 80001d1a        0     1                 .LBB0_63
80001d58 80001d58        0     1                 .LBB0_68
80001d62 80001d62        0     1                 .LBB0_70
80001d6a 80001d6a        0     1                 .LBB0_71
80001d6e 80001d6e        0     1                 .LBB0_72
80001d72 80001d72        0     1                 .LBB0_73
80001d7e 80001d7e        0     1                 .LBB0_75
80001d84 80001d84        0     1                 .LBB0_76
80001d86 80001d86        0     1                 .LBB0_77
80001d90 80001d90        0     1                 .LBB0_79
80001d94 80001d94        0     1                 .LBB0_80
80001d9a 80001d9a        0     1                 .LBB0_81
80001da2 80001da2        0     1                 .LBB0_82
80001dac 80001dac        0     1                 .LBB0_83
80001dae 80001dae        0     1                 .LBB0_84
80001db0 80001db0        0     1                 .LBB0_85
80001db2 80001db2        0     1                 .LBB0_86
80001db4 80001db4        0     1                 .LBB0_87
80001dc0 80001dc0        0     1                 .LBB0_89
80001dc6 80001dc6        0     1                 .LBB0_90
80001dcc 80001dcc        0     1                 .LBB0_91
80001dce 80001dce        0     1                 .LBB0_92
80001dd2 80001dd2        0     1                 .LBB0_93
80001dd8 80001dd8        0     1                 .LBB0_94
80001de0 80001de0        0     1                 .LBB0_95
80001de8 80001de8        0     1                 .LBB0_96
80001df0 80001df0        0     1                 .LBB0_97
80001df4 80001df4        0     1                 .LBB0_98
80001df6 80001df6        0     1                 .LBB0_99
80001df8 80001df8        0     1                 .LBB0_100
80001dfa 80001dfa        0     1                 .LBB0_101
80001e02 80001e02        0     1                 .LBB0_103
80001e12 80001e12        0     1                 .LBB0_105
80001e18 80001e18        0     1                 .LBB0_106
80001fa8 80001fa8        0     1                 .LBB0_107
80001fd4 80001fd4        0     1                 .LBB0_110
80001fde 80001fde        0     1                 .LBB0_112
80001fe2 80001fe2        0     1                 .LBB0_113
80001fee 80001fee        0     1                 .LBB0_115
80001ff4 80001ff4        0     1                 .LBB0_116
80001ff6 80001ff6        0     1                 .LBB0_117
80002000 80002000        0     1                 .LBB0_119
80002004 80002004        0     1                 .LBB0_120
8000200a 8000200a        0     1                 .LBB0_121
80002012 80002012        0     1                 .LBB0_122
8000201c 8000201c        0     1                 .LBB0_123
8000201e 8000201e        0     1                 .LBB0_124
80002020 80002020        0     1                 .LBB0_125
80002022 80002022        0     1                 .LBB0_126
80002024 80002024        0     1                 .LBB0_127
80002030 80002030        0     1                 .LBB0_129
80002036 80002036        0     1                 .LBB0_130
8000203c 8000203c        0     1                 .LBB0_131
8000203e 8000203e        0     1                 .LBB0_132
80002042 80002042        0     1                 .LBB0_133
80002048 80002048        0     1                 .LBB0_134
80002050 80002050        0     1                 .LBB0_135
80002058 80002058        0     1                 .LBB0_136
80002060 80002060        0     1                 .LBB0_137
80002064 80002064        0     1                 .LBB0_138
80002066 80002066        0     1                 .LBB0_139
80002068 80002068        0     1                 .LBB0_140
8000206a 8000206a        0     1                 .LBB0_141
80002072 80002072        0     1                 .LBB0_143
80002082 80002082        0     1                 .LBB0_145
80002088 80002088        0     1                 .LBB0_146
80002214 80002214      164     2         /home/lt/APP/Terapines/zcc/install-zcc/bin/../riscv64-unknown-elf/lib/rv32imac/ilp32/libclang_rt.builtins.a(fixtfsi.c.obj):(.text)
80002214 80002214      164     1                 __fixtfsi
8000222a 8000222a        0     1                 .LBB0_2
8000224a 8000224a        0     1                 .LBB0_4
80002376 80002376        0     1                 .LBB0_6
80002378 80002378      208     2         /home/lt/APP/Terapines/zcc/install-zcc/bin/../riscv64-unknown-elf/lib/rv32imac/ilp32/libclang_rt.builtins.a(floatsitf.c.obj):(.text)
80002378 80002378      208     1                 __floatsitf
800023a2 800023a2        0     1                 .LBB0_3
800023aa 800023aa        0     1                 .LBB0_4
800023b4 800023b4        0     1                 .LBB0_5
800023b6 800023b6        0     1                 .LBB0_6
800023c4 800023c4        0     1                 .LBB0_8
800023ca 800023ca        0     1                 .LBB0_9
800023d0 800023d0        0     1                 .LBB0_10
800023da 800023da        0     1                 .LBB0_11
800023e2 800023e2        0     1                 .LBB0_12
800023e4 800023e4        0     1                 .LBB0_13
800023e6 800023e6        0     1                 .LBB0_14
800023ee 800023ee        0     1                 .LBB0_16
800023fa 800023fa        0     1                 .LBB0_18
8000256c 8000256c        0     1                 .LBB0_19
80002580 80002580       54     2         /home/lt/APP/Terapines/zcc/install-zcc/bin/../riscv64-unknown-elf/lib/rv32imac/ilp32/libclang_rt.builtins.a(subtf3.c.obj):(.text)
80002580 80002580       54     1                 __subtf3
800025d4 800025d4     11a6     2         /home/lt/APP/Terapines/zcc/install-zcc/bin/../riscv64-unknown-elf/lib/rv32imac/ilp32/libclang_rt.builtins.a(addtf3.c.obj):(.text)
800025d4 800025d4     11a6     1                 __addtf3
80002654 80002654        0     1                 .LBB0_2
80002658 80002658        0     1                 .LBB0_3
80002670 80002670        0     1                 .LBB0_5
80002678 80002678        0     1                 .LBB0_6
8000268c 8000268c        0     1                 .LBB0_8
8000269c 8000269c        0     1                 .LBB0_10
800026cc 800026cc        0     1                 .LBB0_13
800026e0 800026e0        0     1                 .LBB0_14
800026e6 800026e6        0     1                 .LBB0_15
800026f6 800026f6        0     1                 .LBB0_16
800026fc 800026fc        0     1                 .LBB0_17
80002706 80002706        0     1                 .LBB0_18
80002716 80002716        0     1                 .LBB0_19
80002722 80002722        0     1                 .LBB0_20
8000272e 8000272e        0     1                 .LBB0_21
8000273a 8000273a        0     1                 .LBB0_23
80002740 80002740        0     1                 .LBB0_24
80002748 80002748        0     1                 .LBB0_25
8000274c 8000274c        0     1                 .LBB0_26
80002758 80002758        0     1                 .LBB0_28
8000276c 8000276c        0     1                 .LBB0_30
8000277a 8000277a        0     1                 .LBB0_32
800027a6 800027a6        0     1                 .LBB0_35
800027b2 800027b2        0     1                 .LBB0_36
800027bc 800027bc        0     1                 .LBB0_37
800027c4 800027c4        0     1                 .LBB0_38
800027c6 800027c6        0     1                 .LBB0_39
800027d2 800027d2        0     1                 .LBB0_41
800027d4 800027d4        0     1                 .LBB0_42
800027de 800027de        0     1                 .LBB0_44
800027e2 800027e2        0     1                 .LBB0_45
800027e8 800027e8        0     1                 .LBB0_46
800027f2 800027f2        0     1                 .LBB0_47
800027f4 800027f4        0     1                 .LBB0_48
800027f6 800027f6        0     1                 .LBB0_49
800027f8 800027f8        0     1                 .LBB0_50
800027fa 800027fa        0     1                 .LBB0_51
80002806 80002806        0     1                 .LBB0_53
8000280c 8000280c        0     1                 .LBB0_54
80002812 80002812        0     1                 .LBB0_55
80002814 80002814        0     1                 .LBB0_56
80002818 80002818        0     1                 .LBB0_57
8000281e 8000281e        0     1                 .LBB0_58
80002826 80002826        0     1                 .LBB0_59
8000282e 8000282e        0     1                 .LBB0_60
80002836 80002836        0     1                 .LBB0_61
8000283a 8000283a        0     1                 .LBB0_62
8000283c 8000283c        0     1                 .LBB0_63
8000283e 8000283e        0     1                 .LBB0_64
80002840 80002840        0     1                 .LBB0_65
80002848 80002848        0     1                 .LBB0_67
80002858 80002858        0     1                 .LBB0_69
8000285e 8000285e        0     1                 .LBB0_70
800029dc 800029dc        0     1                 .LBB0_71
800029f8 800029f8        0     1                 .LBB0_74
80002a04 80002a04        0     1                 .LBB0_75
80002a0e 80002a0e        0     1                 .LBB0_76
80002a16 80002a16        0     1                 .LBB0_77
80002a18 80002a18        0     1                 .LBB0_78
80002a24 80002a24        0     1                 .LBB0_80
80002a26 80002a26        0     1                 .LBB0_81
80002a30 80002a30        0     1                 .LBB0_83
80002a34 80002a34        0     1                 .LBB0_84
80002a3a 80002a3a        0     1                 .LBB0_85
80002a44 80002a44        0     1                 .LBB0_86
80002a46 80002a46        0     1                 .LBB0_87
80002a48 80002a48        0     1                 .LBB0_88
80002a4a 80002a4a        0     1                 .LBB0_89
80002a4c 80002a4c        0     1                 .LBB0_90
80002a58 80002a58        0     1                 .LBB0_92
80002a5e 80002a5e        0     1                 .LBB0_93
80002a64 80002a64        0     1                 .LBB0_94
80002a66 80002a66        0     1                 .LBB0_95
80002a6a 80002a6a        0     1                 .LBB0_96
80002a70 80002a70        0     1                 .LBB0_97
80002a78 80002a78        0     1                 .LBB0_98
80002a80 80002a80        0     1                 .LBB0_99
80002a88 80002a88        0     1                 .LBB0_100
80002a8c 80002a8c        0     1                 .LBB0_101
80002a8e 80002a8e        0     1                 .LBB0_102
80002a90 80002a90        0     1                 .LBB0_103
80002a92 80002a92        0     1                 .LBB0_104
80002a9a 80002a9a        0     1                 .LBB0_106
80002aaa 80002aaa        0     1                 .LBB0_108
80002ab0 80002ab0        0     1                 .LBB0_109
80002c32 80002c32        0     1                 .LBB0_110
80002fc2 80002fc2        0     1                 .LBB0_113
80002fca 80002fca        0     1                 .LBB0_114
80002ff0 80002ff0        0     1                 .LBB0_117
8000303c 8000303c        0     1                 .LBB0_119
8000304a 8000304a        0     1                 .LBB0_121
8000306e 8000306e        0     1                 .LBB0_123
800030c8 800030c8        0     1                 .LBB0_126
800030d2 800030d2        0     1                 .LBB0_128
800030d6 800030d6        0     1                 .LBB0_129
800030e4 800030e4        0     1                 .LBB0_131
800030ea 800030ea        0     1                 .LBB0_132
800030ec 800030ec        0     1                 .LBB0_133
800030f6 800030f6        0     1                 .LBB0_135
800030fc 800030fc        0     1                 .LBB0_136
80003102 80003102        0     1                 .LBB0_137
8000310c 8000310c        0     1                 .LBB0_138
80003116 80003116        0     1                 .LBB0_139
80003118 80003118        0     1                 .LBB0_140
8000311c 8000311c        0     1                 .LBB0_141
8000311e 8000311e        0     1                 .LBB0_142
80003120 80003120        0     1                 .LBB0_143
8000312e 8000312e        0     1                 .LBB0_145
80003134 80003134        0     1                 .LBB0_146
8000313a 8000313a        0     1                 .LBB0_147
8000313e 8000313e        0     1                 .LBB0_148
80003144 80003144        0     1                 .LBB0_149
8000314c 8000314c        0     1                 .LBB0_150
80003154 80003154        0     1                 .LBB0_151
8000315c 8000315c        0     1                 .LBB0_152
80003162 80003162        0     1                 .LBB0_153
80003164 80003164        0     1                 .LBB0_154
80003166 80003166        0     1                 .LBB0_155
8000316e 8000316e        0     1                 .LBB0_157
80003176 80003176        0     1                 .LBB0_159
80003186 80003186        0     1                 .LBB0_161
8000318c 8000318c        0     1                 .LBB0_162
80003304 80003304        0     1                 .LBB0_163
80003320 80003320        0     1                 .LBB0_165
80003610 80003610        0     1                 .LBB0_167
800036a8 800036a8        0     1                 .LBB0_172
800036d6 800036d6        0     1                 .LBB0_173
800036fe 800036fe        0     1                 .LBB0_174
80003702 80003702        0     1                 .LBB0_175
8000370a 8000370a        0     1                 .LBB0_176
8000370e 8000370e        0     1                 .LBB0_177
80003756 80003756        0     1                 .LBB0_178
80003770 80003770        0     1                 .LBB0_180
8000377a 8000377a        8     2         /home/lt/APP/Terapines/zcc/install-zcc/bin/../riscv64-unknown-elf/lib/rv32imac/ilp32/libclang_rt.builtins.a(fp_mode.c.obj):(.text)
8000377a 8000377a        4     1                 __fe_getround
8000377e 8000377e        4     1                 __fe_raise_inexact
80003782 80003782      45a     2         /home/lt/APP/Terapines/zcc/install-zcc/bin/../riscv64-unknown-elf/lib/rv32imac/ilp32/libclang_rt.builtins.a(muldf3.c.obj):(.text)
80003782 80003782      45a     1                 __muldf3
800037f4 800037f4        0     1                 .LBB0_3
8000380c 8000380c        0     1                 .LBB0_5
80003826 80003826        0     1                 .LBB0_8
80003828 80003828        0     1                 .LBB0_9
800038ae 800038ae        0     1                 .LBB0_11
800038b8 800038b8        0     1                 .LBB0_12
800038be 800038be        0     1                 .LBB0_13
800038c6 800038c6        0     1                 .LBB0_14
800038e8 800038e8        0     1                 .LBB0_15
800038fe 800038fe        0     1                 .LBB0_17
8000390c 8000390c        0     1                 .LBB0_18
80003926 80003926        0     1                 .LBB0_20
8000392e 8000392e        0     1                 .LBB0_21
80003934 80003934        0     1                 .LBB0_22
80003938 80003938        0     1                 .LBB0_23
8000395a 8000395a        0     1                 .LBB0_26
80003968 80003968        0     1                 .LBB0_28
80003970 80003970        0     1                 .LBB0_29
8000398c 8000398c        0     1                 .LBB0_35
80003992 80003992        0     1                 .LBB0_37
80003996 80003996        0     1                 .LBB0_38
800039a6 800039a6        0     1                 .LBB0_39
800039bc 800039bc        0     1                 .LBB0_41
800039cc 800039cc        0     1                 .LBB0_42
800039ec 800039ec        0     1                 .LBB0_44
800039f8 800039f8        0     1                 .LBB0_45
80003a14 80003a14        0     1                 .LBB0_47
80003a20 80003a20        0     1                 .LBB0_48
80003a30 80003a30        0     1                 .LBB0_49
80003a3a 80003a3a        0     1                 .LBB0_50
80003a42 80003a42        0     1                 .LBB0_51
80003a52 80003a52        0     1                 .LBB0_52
80003a58 80003a58        0     1                 .LBB0_53
80003a5c 80003a5c        0     1                 .LBB0_54
80003a66 80003a66        0     1                 .LBB0_56
80003a6c 80003a6c        0     1                 .LBB0_58
80003a70 80003a70        0     1                 .LBB0_59
80003a78 80003a78        0     1                 .LBB0_61
80003a7a 80003a7a        0     1                 .LBB0_62
80003a82 80003a82        0     1                 .LBB0_64
80003a84 80003a84        0     1                 .LBB0_65
80003a8e 80003a8e        0     1                 .LBB0_67
80003a94 80003a94        0     1                 .LBB0_68
80003a9a 80003a9a        0     1                 .LBB0_69
80003aa0 80003aa0        0     1                 .LBB0_70
80003aa4 80003aa4        0     1                 .LBB0_71
80003aac 80003aac        0     1                 .LBB0_73
80003aae 80003aae        0     1                 .LBB0_74
80003ab6 80003ab6        0     1                 .LBB0_76
80003ab8 80003ab8        0     1                 .LBB0_77
80003ac2 80003ac2        0     1                 .LBB0_79
80003aca 80003aca        0     1                 .LBB0_80
80003adc 80003adc        0     1                 .LBB0_82
80003af4 80003af4        0     1                 .LBB0_83
80003b02 80003b02        0     1                 .LBB0_84
80003b14 80003b14        0     1                 .LBB0_88
80003b1a 80003b1a        0     1                 .LBB0_90
80003b24 80003b24        0     1                 .LBB0_92
80003b2a 80003b2a        0     1                 .LBB0_94
80003b2e 80003b2e        0     1                 .LBB0_95
80003b36 80003b36        0     1                 .LBB0_97
80003b38 80003b38        0     1                 .LBB0_98
80003b40 80003b40        0     1                 .LBB0_100
80003b42 80003b42        0     1                 .LBB0_101
80003b4c 80003b4c        0     1                 .LBB0_103
80003b52 80003b52        0     1                 .LBB0_104
80003b58 80003b58        0     1                 .LBB0_105
80003b5e 80003b5e        0     1                 .LBB0_106
80003b64 80003b64        0     1                 .LBB0_107
80003b6a 80003b6a        0     1                 .LBB0_108
80003b6e 80003b6e        0     1                 .LBB0_109
80003b76 80003b76        0     1                 .LBB0_111
80003b78 80003b78        0     1                 .LBB0_112
80003b80 80003b80        0     1                 .LBB0_114
80003b82 80003b82        0     1                 .LBB0_115
80003b8c 80003b8c        0     1                 .LBB0_117
80003b94 80003b94        0     1                 .LBB0_118
80003ba6 80003ba6        0     1                 .LBB0_120
80003bbe 80003bbe        0     1                 .LBB0_121
80003bd0 80003bd0        0     1                 .LBB0_122
80003bd6 80003bd6        0     1                 .LBB0_123
80003bdc 80003bdc       12     4         lto.tmp:(.text.main)
80003bdc 80003bdc        0     1                 .Lpcrel_hi0
80003bdc 80003bdc       12     1                 main
80003bf0 80003bf0        8     4         lto.tmp:(.text.vApplicationMallocFailedHook)
80003bf0 80003bf0        8     1                 vApplicationMallocFailedHook
80003bf4 80003bf4        0     1                 .LBB1_1
80003bf8 80003bf8        8     4         lto.tmp:(.text.vApplicationStackOverflowHook)
80003bf8 80003bf8        8     1                 vApplicationStackOverflowHook
80003bfc 80003bfc        0     1                 .LBB2_1
80003c00 80003c00       2c     4         lto.tmp:(.text.vAssertCalled)
80003c00 80003c00       2c     1                 vAssertCalled
80003c18 80003c18        0     1                 .LBB4_1
80003c24 80003c24        0     1                 .LBB4_2
80003c2c 80003c2c       88     4         lto.tmp:(.text.main_blinky)
80003c2c 80003c2c       88     1                 main_blinky
80003c34 80003c34        0     1                 .Lpcrel_hi1
80003c4c 80003c4c        0     1                 .Lpcrel_hi2
80003c58 80003c58        0     1                 .Lpcrel_hi3
80003c5c 80003c5c        0     1                 .Lpcrel_hi4
80003c7c 80003c7c        0     1                 .Lpcrel_hi5
80003c80 80003c80        0     1                 .Lpcrel_hi6
80003ca0 80003ca0        0     1                 .LBB5_2
80003cb4 80003cb4       ba     4         lto.tmp:(.text.prvQueueReceiveTask)
80003cb4 80003cb4       ba     1                 prvQueueReceiveTask
80003ce0 80003ce0        0     1                 .Lpcrel_hi7
80003ce8 80003ce8        0     1                 .Lpcrel_hi8
80003cec 80003cec        0     1                 .Lpcrel_hi9
80003cf0 80003cf0        0     1                 .Lpcrel_hi10
80003cf4 80003cf4        0     1                 .Lpcrel_hi11
80003d0c 80003d0c        0     1                 .LBB6_1
80003d2a 80003d2a        0     1                 .LBB6_2
80003d64 80003d64        0     1                 .LBB6_5
80003d70 80003d70       ae     4         lto.tmp:(.text.prvQueueSendTask)
80003d70 80003d70       ae     1                 prvQueueSendTask
80003da4 80003da4        0     1                 .Lpcrel_hi12
80003da8 80003da8        0     1                 .Lpcrel_hi13
80003dac 80003dac        0     1                 .Lpcrel_hi14
80003dbc 80003dbc        0     1                 .Lpcrel_hi15
80003dc4 80003dc4        0     1                 .LBB7_1
80003dfc 80003dfc        0     1                 .LBB7_2
80003e20 80003e20        8     4         lto.tmp:(.text.xGetCoreID)
80003e20 80003e20        8     1                 xGetCoreID
80003e28 80003e28       90     4         lto.tmp:(.text.vSendString)
80003e28 80003e28       90     1                 vSendString
80003e48 80003e48        0     1                 .Lpcrel_hi16
80003e64 80003e64        0     1                 .LBB9_1
80003e76 80003e76        0     1                 .LBB9_2
80003ea0 80003ea0        0     1                 .LBB9_5
80003eb8 80003eb8       1c     4         lto.tmp:(.text.vOutNS16550)
80003eb8 80003eb8       1c     1                 vOutNS16550
80003ec8 80003ec8        0     1                 .LBB10_1
80003ecc 80003ecc        0     1                 .LBB10_2
80003ed4 80003ed4       20     4         lto.tmp:(.text.vListInitialise)
80003ed4 80003ed4       20     1                 vListInitialise
80003ef4 80003ef4        8     4         lto.tmp:(.text.vListInitialiseItem)
80003ef4 80003ef4        8     1                 vListInitialiseItem
80003efc 80003efc       b8     4         lto.tmp:(.text.vListInsert)
80003efc 80003efc       b8     1                 vListInsert
80003f0c 80003f0c        0     1                 .LBB13_2
80003f74 80003f74        0     1                 .LBB13_10
80003f80 80003f80        0     1                 .LBB13_11
80003f8c 80003f8c        0     1                 .LBB13_12
80003f90 80003f90        0     1                 .LBB13_13
80003fb4 80003fb4       3c     4         lto.tmp:(.text.uxListRemove)
80003fb4 80003fb4       3c     1                 uxListRemove
80003fd8 80003fd8        0     1                 .LBB14_2
80003ff0 80003ff0       f6     4         lto.tmp:(.text.xQueueGenericCreate)
80003ff0 80003ff0       f6     1                 xQueueGenericCreate
80004040 80004040        0     1                 .Lpcrel_hi17
800040c4 800040c4        0     1                 .LBB15_6
800040c6 800040c6        0     1                 .LBB15_7
800040ca 800040ca        0     1                 .LBB15_8
800040e8 800040e8      50c     4         lto.tmp:(.text.xQueueGenericSend)
800040e8 800040e8      50c     1                 xQueueGenericSend
80004138 80004138        0     1                 .LBB16_2
8000413e 8000413e        0     1                 .LBB16_3
80004148 80004148        0     1                 .LBB16_5
8000415e 8000415e        0     1                 .LBB16_8
80004174 80004174        0     1                 .LBB16_10
80004178 80004178        0     1                 .Lpcrel_hi18
800041a8 800041a8        0     1                 .LBB16_11
800041ec 800041ec        0     1                 .LBB16_15
80004200 80004200        0     1                 .LBB16_16
80004218 80004218        0     1                 .LBB16_18
8000422c 8000422c        0     1                 .LBB16_20
8000423c 8000423c        0     1                 .LBB16_22
80004258 80004258        0     1                 .LBB16_24
8000425c 8000425c        0     1                 .LBB16_25
80004260 80004260        0     1                 .LBB16_26
80004288 80004288        0     1                 .LBB16_29
800042ac 800042ac        0     1                 .LBB16_30
800042c4 800042c4        0     1                 .LBB16_33
800042d4 800042d4        0     1                 .LBB16_34
800042dc 800042dc        0     1                 .LBB16_35
800042ec 800042ec        0     1                 .LBB16_37
80004304 80004304        0     1                 .LBB16_38
8000431c 8000431c        0     1                 .LBB16_41
8000432c 8000432c        0     1                 .LBB16_42
80004334 80004334        0     1                 .LBB16_43
8000434c 8000434c        0     1                 .LBB16_45
80004358 80004358        0     1                 .LBB16_46
80004364 80004364        0     1                 .LBB16_47
8000436c 8000436c        0     1                 .LBB16_48
80004384 80004384        0     1                 .LBB16_49
8000439c 8000439c        0     1                 .LBB16_52
800043ac 800043ac        0     1                 .LBB16_53
800043b4 800043b4        0     1                 .LBB16_54
800043c4 800043c4        0     1                 .LBB16_56
800043dc 800043dc        0     1                 .LBB16_57
800043f4 800043f4        0     1                 .LBB16_60
80004404 80004404        0     1                 .LBB16_61
8000440c 8000440c        0     1                 .LBB16_62
8000441c 8000441c        0     1                 .LBB16_64
80004424 80004424        0     1                 .LBB16_65
80004430 80004430        0     1                 .LBB16_66
80004434 80004434        0     1                 .LBB16_67
8000445c 8000445c        0     1                 .LBB16_69
80004470 80004470        0     1                 .LBB16_71
80004488 80004488        0     1                 .LBB16_73
800044ac 800044ac        0     1                 .LBB16_74
800044b4 800044b4        0     1                 .LBB16_75
800044c8 800044c8        0     1                 .LBB16_77
800044e0 800044e0        0     1                 .LBB16_80
800044f0 800044f0        0     1                 .LBB16_81
800044f8 800044f8        0     1                 .LBB16_82
80004508 80004508        0     1                 .LBB16_84
80004524 80004524        0     1                 .LBB16_86
8000453c 8000453c        0     1                 .LBB16_89
8000454c 8000454c        0     1                 .LBB16_90
80004554 80004554        0     1                 .LBB16_91
80004564 80004564        0     1                 .LBB16_93
80004570 80004570        0     1                 .LBB16_94
8000457c 8000457c        0     1                 .LBB16_95
800045a0 800045a0        0     1                 .LBB16_98
800045a8 800045a8        0     1                 .LBB16_100
800045c0 800045c0        0     1                 .LBB16_102
800045f4 800045f4      454     4         lto.tmp:(.text.xQueueReceive)
800045f4 800045f4      454     1                 xQueueReceive
80004638 80004638        0     1                 .LBB17_2
80004640 80004640        0     1                 .LBB17_3
8000464c 8000464c        0     1                 .LBB17_5
80004664 80004664        0     1                 .LBB17_7
80004668 80004668        0     1                 .Lpcrel_hi19
80004684 80004684        0     1                 .LBB17_8
800046a8 800046a8        0     1                 .LBB17_11
800046b0 800046b0        0     1                 .LBB17_12
800046d0 800046d0        0     1                 .LBB17_15
800046ec 800046ec        0     1                 .LBB17_17
80004708 80004708        0     1                 .LBB17_19
80004718 80004718        0     1                 .LBB17_20
8000472c 8000472c        0     1                 .LBB17_22
8000473c 8000473c        0     1                 .LBB17_24
80004758 80004758        0     1                 .LBB17_26
8000475c 8000475c        0     1                 .LBB17_27
80004760 80004760        0     1                 .LBB17_28
80004788 80004788        0     1                 .LBB17_30
800047a0 800047a0        0     1                 .LBB17_33
800047b0 800047b0        0     1                 .LBB17_34
800047b8 800047b8        0     1                 .LBB17_35
800047c8 800047c8        0     1                 .LBB17_37
800047e0 800047e0        0     1                 .LBB17_38
800047f8 800047f8        0     1                 .LBB17_41
80004808 80004808        0     1                 .LBB17_42
80004810 80004810        0     1                 .LBB17_43
80004820 80004820        0     1                 .LBB17_45
80004838 80004838        0     1                 .LBB17_47
80004840 80004840        0     1                 .LBB17_48
8000484c 8000484c        0     1                 .LBB17_49
80004858 80004858        0     1                 .LBB17_50
80004864 80004864        0     1                 .LBB17_52
8000487c 8000487c        0     1                 .LBB17_53
80004894 80004894        0     1                 .LBB17_56
800048a4 800048a4        0     1                 .LBB17_57
800048ac 800048ac        0     1                 .LBB17_58
800048bc 800048bc        0     1                 .LBB17_60
800048d4 800048d4        0     1                 .LBB17_61
800048ec 800048ec        0     1                 .LBB17_64
800048fc 800048fc        0     1                 .LBB17_65
80004904 80004904        0     1                 .LBB17_66
80004914 80004914        0     1                 .LBB17_68
8000491c 8000491c        0     1                 .LBB17_69
80004924 80004924        0     1                 .LBB17_70
80004948 80004948        0     1                 .LBB17_71
80004960 80004960        0     1                 .LBB17_74
80004970 80004970        0     1                 .LBB17_75
80004978 80004978        0     1                 .LBB17_76
80004988 80004988        0     1                 .LBB17_78
800049a0 800049a0        0     1                 .LBB17_79
800049b8 800049b8        0     1                 .LBB17_82
800049c8 800049c8        0     1                 .LBB17_83
800049d0 800049d0        0     1                 .LBB17_84
800049e4 800049e4        0     1                 .LBB17_86
800049e8 800049e8        0     1                 .LBB17_87
80004a0c 80004a0c        0     1                 .LBB17_89
80004a1c 80004a1c        0     1                 .LBB17_91
80004a48 80004a48      1bc     4         lto.tmp:(.text.vQueueAddToRegistry)
80004a48 80004a48      1bc     1                 vQueueAddToRegistry
80004a68 80004a68        0     1                 .LBB18_2
80004a6c 80004a6c        0     1                 .Lpcrel_hi20
80004a7c 80004a7c        0     1                 .Lpcrel_hi21
80004ae8 80004ae8        0     1                 .LBB18_14
80004af0 80004af0        0     1                 .LBB18_15
80004b30 80004b30        0     1                 .LBB18_21
80004b38 80004b38        0     1                 .LBB18_22
80004b40 80004b40        0     1                 .LBB18_23
80004b48 80004b48        0     1                 .LBB18_24
80004b50 80004b50        0     1                 .LBB18_25
80004b58 80004b58        0     1                 .LBB18_26
80004b60 80004b60        0     1                 .LBB18_27
80004b64 80004b64        0     1                 .LBB18_28
80004b6c 80004b6c        0     1                 .LBB18_30
80004b70 80004b70        0     1                 .LBB18_31
80004b74 80004b74        0     1                 .LBB18_32
80004b7c 80004b7c        0     1                 .LBB18_33
80004b94 80004b94        0     1                 .LBB18_34
80004bac 80004bac        0     1                 .LBB18_35
80004bc4 80004bc4        0     1                 .LBB18_36
80004bdc 80004bdc        0     1                 .LBB18_37
80004be8 80004be8        0     1                 .LBB18_38
80004bf0 80004bf0        0     1                 .LBB18_39
80004c04 80004c04      158     4         lto.tmp:(.text.vQueueWaitForMessageRestricted)
80004c04 80004c04      158     1                 vQueueWaitForMessageRestricted
80004c2c 80004c2c        0     1                 .Lpcrel_hi22
80004c48 80004c48        0     1                 .LBB19_2
80004c4c 80004c4c        0     1                 .LBB19_3
80004c50 80004c50        0     1                 .LBB19_4
80004c64 80004c64        0     1                 .LBB19_6
80004c80 80004c80        0     1                 .LBB19_8
80004c98 80004c98        0     1                 .LBB19_11
80004ca8 80004ca8        0     1                 .LBB19_12
80004cb0 80004cb0        0     1                 .LBB19_13
80004cc0 80004cc0        0     1                 .LBB19_15
80004ce0 80004ce0        0     1                 .LBB19_17
80004cf8 80004cf8        0     1                 .LBB19_20
80004d08 80004d08        0     1                 .LBB19_21
80004d10 80004d10        0     1                 .LBB19_22
80004d20 80004d20        0     1                 .LBB19_24
80004d44 80004d44        0     1                 .LBB19_25
80004d50 80004d50        0     1                 .LBB19_26
80004d5c 80004d5c      3c4     4         lto.tmp:(.text.xTaskCreate)
80004d5c 80004d5c      3c4     1                 xTaskCreate
80004ee8 80004ee8        0     1                 .LBB20_19
80004eec 80004eec        0     1                 .LBB20_20
80004efc 80004efc        0     1                 .LBB20_22
80004f0c 80004f0c        0     1                 .LBB20_24
80004f54 80004f54        0     1                 .LBB20_26
80004f58 80004f58        0     1                 .Lpcrel_hi23
80004f60 80004f60        0     1                 .Lpcrel_hi24
80004f78 80004f78        0     1                 .Lpcrel_hi25
80004f80 80004f80        0     1                 .Lpcrel_hi26
80004f84 80004f84        0     1                 .Lpcrel_hi27
80004fb0 80004fb0        0     1                 .LBB20_30
80004fbc 80004fbc        0     1                 .LBB20_31
80005004 80005004        0     1                 .Lpcrel_hi28
80005014 80005014        0     1                 .Lpcrel_hi29
80005024 80005024        0     1                 .Lpcrel_hi30
80005030 80005030        0     1                 .Lpcrel_hi31
8000503c 8000503c        0     1                 .Lpcrel_hi32
80005048 80005048        0     1                 .Lpcrel_hi33
8000504c 8000504c        0     1                 .Lpcrel_hi34
80005060 80005060        0     1                 .LBB20_33
80005060 80005060        0     1                 .Lpcrel_hi35
80005070 80005070        0     1                 .Lpcrel_hi36
800050d0 800050d0        0     1                 .LBB20_35
800050ec 800050ec        0     1                 .LBB20_38
80005120 80005120      14e     4         lto.tmp:(.text.xTaskDelayUntil)
80005120 80005120      14e     1                 xTaskDelayUntil
80005144 80005144        0     1                 .LBB21_2
80005148 80005148        0     1                 .LBB21_3
80005148 80005148        0     1                 .Lpcrel_hi37
80005158 80005158        0     1                 .LBB21_5
8000515c 8000515c        0     1                 .Lpcrel_hi38
8000518c 8000518c        0     1                 .LBB21_7
80005194 80005194        0     1                 .LBB21_8
800051a0 800051a0        0     1                 .LBB21_9
800051a4 800051a4        0     1                 .Lpcrel_hi39
800051cc 800051cc        0     1                 .Lpcrel_hi40
800051e8 800051e8        0     1                 .LBB21_11
800051f8 800051f8        0     1                 .Lpcrel_hi41
80005214 80005214        0     1                 .LBB21_13
80005220 80005220        0     1                 .LBB21_14
80005220 80005220        0     1                 .Lpcrel_hi42
80005234 80005234        0     1                 .Lpcrel_hi43
80005248 80005248        0     1                 .LBB21_16
80005252 80005252        0     1                 .LBB21_18
80005270 80005270      206     4         lto.tmp:(.text.xTaskResumeAll)
80005270 80005270      206     1                 xTaskResumeAll
8000528c 8000528c        0     1                 .Lpcrel_hi44
8000529c 8000529c        0     1                 .LBB22_2
800052a0 800052a0        0     1                 .Lpcrel_hi45
800052c8 800052c8        0     1                 .LBB22_4
800052dc 800052dc        0     1                 .LBB22_6
800052fc 800052fc        0     1                 .LBB22_7
800052fc 800052fc        0     1                 .Lpcrel_hi46
80005308 80005308        0     1                 .Lpcrel_hi47
80005314 80005314        0     1                 .Lpcrel_hi48
80005320 80005320        0     1                 .Lpcrel_hi49
80005328 80005328        0     1                 .Lpcrel_hi50
80005330 80005330        0     1                 .Lpcrel_hi51
80005334 80005334        0     1                 .LBB22_10
80005364 80005364        0     1                 .LBB22_12
8000539c 8000539c        0     1                 .LBB22_14
80005400 80005400        0     1                 .LBB22_16
80005408 80005408        0     1                 .Lpcrel_hi52
80005424 80005424        0     1                 .Lpcrel_hi54
80005430 80005430        0     1                 .LBB22_19
80005430 80005430        0     1                 .Lpcrel_hi53
8000543c 8000543c        0     1                 .LBB22_20
8000543c 8000543c        0     1                 .Lpcrel_hi55
8000544c 8000544c        0     1                 .LBB22_22
80005456 80005456        0     1                 .LBB22_24
80005462 80005462        0     1                 .LBB22_26
80005478 80005478      230     4         lto.tmp:(.text.xTaskIncrementTick)
80005478 80005478        0     1                 .Lpcrel_hi56
80005478 80005478      230     1                 xTaskIncrementTick
80005488 80005488        0     1                 .Lpcrel_hi67
80005498 80005498        0     1                 .LBB23_2
8000549c 8000549c        0     1                 .LBB23_3
800054b0 800054b0        0     1                 .Lpcrel_hi57
800054b8 800054b8        0     1                 .Lpcrel_hi58
800054c4 800054c4        0     1                 .Lpcrel_hi59
800054dc 800054dc        0     1                 .LBB23_6
800054e0 800054e0        0     1                 .Lpcrel_hi60
800054f0 800054f0        0     1                 .Lpcrel_hi61
8000551c 8000551c        0     1                 .LBB23_8
80005520 80005520        0     1                 .LBB23_9
80005524 80005524        0     1                 .LBB23_10
80005528 80005528        0     1                 .Lpcrel_hi62
8000552c 8000552c        0     1                 .Lpcrel_hi63
80005540 80005540        0     1                 .LBB23_12
80005550 80005550        0     1                 .Lpcrel_hi64
80005558 80005558        0     1                 .LBB23_14
80005594 80005594        0     1                 .LBB23_17
800055cc 800055cc        0     1                 .LBB23_20
800055dc 800055dc        0     1                 .LBB23_21
80005638 80005638        0     1                 .LBB23_23
80005644 80005644        0     1                 .LBB23_24
80005650 80005650        0     1                 .LBB23_25
80005654 80005654        0     1                 .LBB23_26
8000568c 8000568c        0     1                 .LBB23_28
8000568c 8000568c        0     1                 .Lpcrel_hi65
80005690 80005690        0     1                 .Lpcrel_hi66
800056a8 800056a8       14     4         lto.tmp:(.text.vTaskSuspendAll)
800056a8 800056a8       14     1                 vTaskSuspendAll
800056a8 800056a8        0     1                 .Lpcrel_hi68
800056bc 800056bc      148     4         lto.tmp:(.text.vTaskSwitchContext)
800056bc 800056bc        0     1                 .Lpcrel_hi69
800056bc 800056bc      148     1                 vTaskSwitchContext
800056c8 800056c8        0     1                 .Lpcrel_hi70
800056d8 800056d8        0     1                 .LBB25_2
800056e8 800056e8        0     1                 .Lpcrel_hi71
800056f0 800056f0        0     1                 .Lpcrel_hi72
80005724 80005724        0     1                 .LBB25_6
80005734 80005734        0     1                 .LBB25_7
80005734 80005734        0     1                 .Lpcrel_hi73
8000574c 8000574c        0     1                 .LBB25_9
80005754 80005754        0     1                 .LBB25_11
80005760 80005760        0     1                 .LBB25_13
80005764 80005764        0     1                 .LBB25_14
80005770 80005770        0     1                 .LBB25_16
80005774 80005774        0     1                 .LBB25_17
80005784 80005784        0     1                 .LBB25_19
8000578c 8000578c        0     1                 .Lpcrel_hi74
800057b0 800057b0        0     1                 .LBB25_21
800057d0 800057d0        0     1                 .LBB25_23
800057ec 800057ec        0     1                 .LBB25_24
800057f8 800057f8        0     1                 .LBB25_25
80005804 80005804       8a     4         lto.tmp:(.text.vTaskStartScheduler)
80005804 80005804       8a     1                 vTaskStartScheduler
80005810 80005810        0     1                 .Lpcrel_hi75
80005814 80005814        0     1                 .Lpcrel_hi76
80005818 80005818        0     1                 .Lpcrel_hi77
80005842 80005842        0     1                 .LBB26_2
80005852 80005852        0     1                 .Lpcrel_hi78
80005856 80005856        0     1                 .Lpcrel_hi79
8000585a 8000585a        0     1                 .Lpcrel_hi80
80005872 80005872        0     1                 .LBB26_5
80005876 80005876        0     1                 .LBB26_6
80005876 80005876        0     1                 .Lpcrel_hi81
80005890 80005890       98     4         lto.tmp:(.text.prvIdleTask)
80005890 80005890       98     1                 prvIdleTask
800058ac 800058ac        0     1                 .Lpcrel_hi82
800058b0 800058b0        0     1                 .Lpcrel_hi83
800058b4 800058b4        0     1                 .Lpcrel_hi84
800058b8 800058b8        0     1                 .Lpcrel_hi85
800058c0 800058c0        0     1                 .LBB27_1
800058d0 800058d0        0     1                 .LBB27_2
80005928 80005928        c     4         lto.tmp:(.text.xTaskGetTickCount)
80005928 80005928        c     1                 xTaskGetTickCount
80005928 80005928        0     1                 .Lpcrel_hi86
80005934 80005934       34     4         lto.tmp:(.text.pcTaskGetName)
80005934 80005934       34     1                 pcTaskGetName
80005938 80005938        0     1                 .LBB29_1
80005940 80005940        0     1                 .LBB29_2
80005940 80005940        0     1                 .Lpcrel_hi87
80005968 80005968      154     4         lto.tmp:(.text.vTaskPlaceOnEventList)
80005968 80005968      154     1                 vTaskPlaceOnEventList
8000598c 8000598c        0     1                 .LBB30_2
8000598c 8000598c        0     1                 .Lpcrel_hi88
800059a0 800059a0        0     1                 .Lpcrel_hi89
800059c8 800059c8        0     1                 .LBB30_4
800059d8 800059d8        0     1                 .Lpcrel_hi92
80005a00 80005a00        0     1                 .LBB30_6
80005a08 80005a08        0     1                 .Lpcrel_hi90
80005a2c 80005a2c        0     1                 .LBB30_7
80005a2c 80005a2c        0     1                 .Lpcrel_hi91
80005a80 80005a80        0     1                 .LBB30_8
80005a80 80005a80        0     1                 .Lpcrel_hi93
80005a94 80005a94        0     1                 .Lpcrel_hi94
80005aa4 80005aa4        0     1                 .LBB30_10
80005abc 80005abc      1a4     4         lto.tmp:(.text.vTaskPlaceOnEventListRestricted)
80005abc 80005abc      1a4     1                 vTaskPlaceOnEventListRestricted
80005ae8 80005ae8        0     1                 .LBB31_2
80005aec 80005aec        0     1                 .Lpcrel_hi95
80005b2c 80005b2c        0     1                 .Lpcrel_hi96
80005b68 80005b68        0     1                 .Lpcrel_hi97
80005b84 80005b84        0     1                 .LBB31_4
80005b90 80005b90        0     1                 .Lpcrel_hi98
80005be4 80005be4        0     1                 .LBB31_6
80005bf4 80005bf4        0     1                 .Lpcrel_hi99
80005c20 80005c20        0     1                 .LBB31_8
80005c20 80005c20        0     1                 .Lpcrel_hi100
80005c34 80005c34        0     1                 .Lpcrel_hi101
80005c44 80005c44        0     1                 .LBB31_10
80005c60 80005c60      160     4         lto.tmp:(.text.xTaskRemoveFromEventList)
80005c60 80005c60      160     1                 xTaskRemoveFromEventList
80005c7c 80005c7c        0     1                 .LBB32_2
80005ca4 80005ca4        0     1                 .LBB32_4
80005cb4 80005cb4        0     1                 .Lpcrel_hi102
80005cc0 80005cc0        0     1                 .Lpcrel_hi105
80005cfc 80005cfc        0     1                 .LBB32_6
80005d24 80005d24        0     1                 .LBB32_8
80005d28 80005d28        0     1                 .Lpcrel_hi103
80005d4c 80005d4c        0     1                 .Lpcrel_hi104
80005d8c 80005d8c        0     1                 .LBB32_9
80005d8c 80005d8c        0     1                 .Lpcrel_hi106
80005d9c 80005d9c        0     1                 .Lpcrel_hi107
80005dac 80005dac        0     1                 .LBB32_11
80005db0 80005db0        0     1                 .LBB32_12
80005dc0 80005dc0       1c     4         lto.tmp:(.text.vTaskInternalSetTimeOutState)
80005dc0 80005dc0       1c     1                 vTaskInternalSetTimeOutState
80005dc0 80005dc0        0     1                 .Lpcrel_hi108
80005dcc 80005dcc        0     1                 .Lpcrel_hi109
80005ddc 80005ddc       f8     4         lto.tmp:(.text.xTaskCheckForTimeOut)
80005ddc 80005ddc       f8     1                 xTaskCheckForTimeOut
80005dfc 80005dfc        0     1                 .LBB34_2
80005e00 80005e00        0     1                 .LBB34_3
80005e04 80005e04        0     1                 .Lpcrel_hi110
80005e0c 80005e0c        0     1                 .Lpcrel_hi111
80005e10 80005e10        0     1                 .Lpcrel_hi112
80005e3c 80005e3c        0     1                 .LBB34_5
80005e48 80005e48        0     1                 .LBB34_6
80005e58 80005e58        0     1                 .Lpcrel_hi113
80005e9c 80005e9c        0     1                 .LBB34_10
80005ea0 80005ea0        0     1                 .LBB34_11
80005ea4 80005ea4        0     1                 .LBB34_12
80005eb8 80005eb8        0     1                 .LBB34_14
80005ecc 80005ecc        0     1                 .LBB34_15
80005ed4 80005ed4       10     4         lto.tmp:(.text.vTaskMissedYield)
80005ed4 80005ed4       10     1                 vTaskMissedYield
80005ed4 80005ed4        0     1                 .Lpcrel_hi114
80005ee4 80005ee4        c     4         lto.tmp:(.text.xTaskGetCurrentTaskHandle)
80005ee4 80005ee4        c     1                 xTaskGetCurrentTaskHandle
80005ee4 80005ee4        0     1                 .Lpcrel_hi115
80005ef0 80005ef0       28     4         lto.tmp:(.text.xTaskGetSchedulerState)
80005ef0 80005ef0       28     1                 xTaskGetSchedulerState
80005ef0 80005ef0        0     1                 .Lpcrel_hi116
80005efc 80005efc        0     1                 .Lpcrel_hi117
80005f10 80005f10        0     1                 .LBB37_2
80005f18 80005f18      110     4         lto.tmp:(.text.xTaskPriorityDisinherit)
80005f18 80005f18      110     1                 xTaskPriorityDisinherit
80005f30 80005f30        0     1                 .Lpcrel_hi118
80005f40 80005f40        0     1                 .LBB38_3
80005f50 80005f50        0     1                 .LBB38_5
80005f80 80005f80        0     1                 .Lpcrel_hi119
80005fa4 80005fa4        0     1                 .LBB38_8
80005fb0 80005fb0        0     1                 .Lpcrel_hi120
80006010 80006010        0     1                 .LBB38_9
80006014 80006014        0     1                 .LBB38_10
80006024 80006024        0     1                 .LBB38_11
80006028 80006028      104     4         lto.tmp:(.text.xTimerCreateTimerTask)
80006028 80006028      104     1                 xTimerCreateTimerTask
80006044 80006044        0     1                 .Lpcrel_hi121
8000604c 8000604c        0     1                 .Lpcrel_hi122
80006060 80006060        0     1                 .Lpcrel_hi123
80006070 80006070        0     1                 .Lpcrel_hi124
80006080 80006080        0     1                 .Lpcrel_hi125
80006084 80006084        0     1                 .Lpcrel_hi126
800060a8 800060a8        0     1                 .Lpcrel_hi127
800060b4 800060b4        0     1                 .LBB39_3
800060d0 800060d0        0     1                 .LBB39_5
800060dc 800060dc        0     1                 .LBB39_6
800060dc 800060dc        0     1                 .Lpcrel_hi128
800060e0 800060e0        0     1                 .Lpcrel_hi129
800060e4 800060e4        0     1                 .Lpcrel_hi130
80006108 80006108        0     1                 .LBB39_7
80006110 80006110        0     1                 .LBB39_8
8000612c 8000612c      472     4         lto.tmp:(.text.prvTimerTask)
8000612c 8000612c      472     1                 prvTimerTask
80006164 80006164        0     1                 .Lpcrel_hi131
80006168 80006168        0     1                 .Lpcrel_hi132
8000616c 8000616c        0     1                 .Lpcrel_hi133
80006170 80006170        0     1                 .Lpcrel_hi134
80006178 80006178        0     1                 .Lpcrel_hi135
80006188 80006188        0     1                 .LBB40_1
800061a0 800061a0        0     1                 .LBB40_3
800061a4 800061a4        0     1                 .LBB40_4
800061d8 800061d8        0     1                 .LBB40_8
800061e4 800061e4        0     1                 .LBB40_9
80006220 80006220        0     1                 .LBB40_12
8000622c 8000622c        0     1                 .LBB40_13
80006254 80006254        0     1                 .LBB40_15
8000626c 8000626c        0     1                 .LBB40_16
80006270 80006270        0     1                 .Lpcrel_hi136
800062a8 800062a8        0     1                 .LBB40_18
800062a8 800062a8        0     1                 .Lpcrel_hi137
800062b8 800062b8        0     1                 .LBB40_19
800062c8 800062c8        0     1                 .LBB40_20
800062f4 800062f4        0     1                 .LBB40_22
80006300 80006300        0     1                 .LBB40_24
8000630c 8000630c        0     1                 .LBB40_25
8000631c 8000631c        0     1                 .LBB40_26
8000631c 8000631c        0     1                 .Lpcrel_hi138
8000632c 8000632c        0     1                 .LBB40_27
80006348 80006348        0     1                 .LBB40_29
80006350 80006350        0     1                 .LBB40_30
80006384 80006384        0     1                 .LBB40_33
8000639c 8000639c        0     1                 .LBB40_35
800063b0 800063b0        0     1                 .LBB40_36
800063bc 800063bc        0     1                 .LBB40_37
800063f8 800063f8        0     1                 .LBB40_40
80006404 80006404        0     1                 .LBB40_41
8000642c 8000642c        0     1                 .LBB40_43
80006438 80006438        0     1                 .LBB40_44
80006458 80006458        0     1                 .LBB40_46
80006494 80006494        0     1                 .LBB40_48
800064a8 800064a8        0     1                 .LBB40_50
800064ac 800064ac        0     1                 .LBB40_51
800064b8 800064b8        0     1                 .LBB40_52
800064d8 800064d8        0     1                 .LBB40_54
800064f4 800064f4        0     1                 .LBB40_56
800064fc 800064fc        0     1                 .LBB40_57
80006508 80006508        0     1                 .LBB40_58
80006510 80006510        0     1                 .LBB40_59
8000651c 8000651c        0     1                 .LBB40_60
80006530 80006530        0     1                 .LBB40_61
80006558 80006558        0     1                 .LBB40_63
80006568 80006568        0     1                 .LBB40_65
8000657e 8000657e        0     1                 .LBB40_67
80006582 80006582        0     1                 .LBB40_68
8000658e 8000658e        0     1                 .LBB40_69
800065a0 800065a0      34c     4         lto.tmp:(.text.pvPortMalloc)
800065a0 800065a0      34c     1                 pvPortMalloc
800065c8 800065c8        0     1                 .Lpcrel_hi139
800065dc 800065dc        0     1                 .LBB41_2
800065dc 800065dc        0     1                 .Lpcrel_hi140
800065fc 800065fc        0     1                 .LBB41_4
800065fc 800065fc        0     1                 .Lpcrel_hi141
8000663c 8000663c        0     1                 .LBB41_6
80006644 80006644        0     1                 .LBB41_7
8000664c 8000664c        0     1                 .Lpcrel_hi142
80006650 80006650        0     1                 .Lpcrel_hi143
80006664 80006664        0     1                 .LBB41_8
80006670 80006670        0     1                 .Lpcrel_hi144
80006690 80006690        0     1                 .Lpcrel_hi145
800066ac 800066ac        0     1                 .LBB41_12
80006734 80006734        0     1                 .LBB41_28
80006738 80006738        0     1                 .LBB41_29
80006768 80006768        0     1                 .LBB41_33
8000676c 8000676c        0     1                 .Lpcrel_hi146
80006780 80006780        0     1                 .LBB41_34
800067c8 800067c8        0     1                 .LBB41_42
800067d8 800067d8        0     1                 .LBB41_43
80006800 80006800        0     1                 .LBB41_44
8000680c 8000680c        0     1                 .LBB41_45
80006810 80006810        0     1                 .LBB41_46
8000682c 8000682c        0     1                 .LBB41_48
8000684c 8000684c        0     1                 .LBB41_51
80006858 80006858        0     1                 .LBB41_53
80006860 80006860        0     1                 .Lpcrel_hi147
80006878 80006878        0     1                 .LBB41_55
80006880 80006880        0     1                 .Lpcrel_hi148
800068b0 800068b0        0     1                 .LBB41_57
800068bc 800068bc        0     1                 .LBB41_58
800068c8 800068c8        0     1                 .LBB41_59
800068d4 800068d4        0     1                 .LBB41_60
800068e0 800068e0        0     1                 .LBB41_61
800068ec 800068ec      14c     4         lto.tmp:(.text.vPortFree)
800068ec 800068ec      14c     1                 vPortFree
800068f4 800068f4        0     1                 .LBB42_2
80006918 80006918        0     1                 .LBB42_4
80006924 80006924        0     1                 .LBB42_6
80006934 80006934        0     1                 .LBB42_8
80006948 80006948        0     1                 .LBB42_9
8000695c 8000695c        0     1                 .Lpcrel_hi149
80006964 80006964        0     1                 .Lpcrel_hi150
80006974 80006974        0     1                 .LBB42_10
800069bc 800069bc        0     1                 .LBB42_18
800069c8 800069c8        0     1                 .LBB42_19
800069cc 800069cc        0     1                 .LBB42_20
800069e4 800069e4        0     1                 .LBB42_22
800069ec 800069ec        0     1                 .Lpcrel_hi151
80006a08 80006a08        0     1                 .LBB42_25
80006a14 80006a14        0     1                 .LBB42_27
80006a14 80006a14        0     1                 .Lpcrel_hi152
80006a38 80006a38       f0     4         lto.tmp:(.text.vPortSetupTimerInterrupt)
80006a38 80006a38       f0     1                 vPortSetupTimerInterrupt
80006a4c 80006a4c        0     1                 .Lpcrel_hi153
80006a60 80006a60        0     1                 .LBB43_1
80006ae0 80006ae0        0     1                 .LBB43_9
80006aec 80006aec        0     1                 .Lpcrel_hi154
80006b28 80006b28       3e     4         lto.tmp:(.text.xPortStartScheduler)
80006b28 80006b28       3e     1                 xPortStartScheduler
80006b30 80006b30        0     1                 .Lpcrel_hi155
80006b66 80006b66       4a     2         lto.tmp:(.text.sprintf)
80006b66 80006b66       4a     1                 sprintf
80006b82 80006b82        0     1                 .Lpcrel_hi156
80006bb0 80006bb0      138     2         lto.tmp:(.text.strlen)
80006bb0 80006bb0      138     1                 strlen
80006bb8 80006bb8        0     1                 .LBB46_1
80006bc8 80006bc8        0     1                 .LBB46_2
80006c52 80006c52        0     1                 .LBB46_10
80006c58 80006c58        0     1                 .LBB46_11
80006c5e 80006c5e        0     1                 .LBB46_12
80006c64 80006c64        0     1                 .LBB46_13
80006c6a 80006c6a        0     1                 .LBB46_14
80006c70 80006c70        0     1                 .LBB46_15
80006c76 80006c76        0     1                 .LBB46_16
80006c7a 80006c7a        0     1                 .LBB46_17
80006c94 80006c94        0     1                 .LBB46_21
80006c98 80006c98        0     1                 .LBB46_22
80006c9c 80006c9c        0     1                 .LBB46_23
80006ca0 80006ca0        0     1                 .LBB46_24
80006ce0 80006ce0        0     1                 .LBB46_31
80006ce8 80006ce8     25d0     4         lto.tmp:(.text._svfprintf_r)
80006ce8 80006ce8     25d0     1                 _svfprintf_r
80006d70 80006d70        0     1                 .LBB47_3
80006d74 80006d74        0     1                 .LBB47_4
80006d9a 80006d9a        0     1                 .Lpcrel_hi157
80006dac 80006dac        0     1                 .LBB47_5
80006db4 80006db4        0     1                 .LBB47_6
80006db6 80006db6        0     1                 .LBB47_7
80006dba 80006dba        0     1                 .LBB47_8
80006dbc 80006dbc        0     1                 .LBB47_9
80006e10 80006e10        0     1                 .LBB47_25
80006e18 80006e18        0     1                 .LBB47_26
80006e20 80006e20        0     1                 .LBB47_27
80006e28 80006e28        0     1                 .LBB47_28
80006e30 80006e30        0     1                 .LBB47_29
80006e38 80006e38        0     1                 .LBB47_30
80006e3a 80006e3a        0     1                 .LBB47_31
80006e40 80006e40        0     1                 .LBB47_32
80006e46 80006e46        0     1                 .LBB47_33
80006e82 80006e82        0     1                 .LBB47_35
80006e84 80006e84        0     1                 .LBB47_36
80006e8a 80006e8a        0     1                 .LBB47_37
80006e90 80006e90        0     1                 .LBB47_38
80006ea6 80006ea6        0     1                 .LBB47_39
80006eaa 80006eaa        0     1                 .LBB47_40
80006eae 80006eae        0     1                 .LBB47_41
80006eb4 80006eb4        0     1                 .LBB47_42
80006ebc 80006ebc        0     1                 .LBB47_43
80006ed0 80006ed0        0     1                 .LBB47_45
80006eee 80006eee        0     1                 .LBB47_48
80006f8a 80006f8a        0     1                 .LBB47_57
80006f90 80006f90        0     1                 .LBB47_58
8000704a 8000704a        0     1                 .LBB47_66
80007050 80007050        0     1                 .LBB47_67
80007056 80007056        0     1                 .LBB47_68
8000705c 8000705c        0     1                 .LBB47_69
80007062 80007062        0     1                 .LBB47_70
80007068 80007068        0     1                 .LBB47_71
8000706e 8000706e        0     1                 .LBB47_72
80007072 80007072        0     1                 .LBB47_73
80007078 80007078        0     1                 .LBB47_74
8000707e 8000707e        0     1                 .LBB47_75
80007084 80007084        0     1                 .LBB47_76
8000708a 8000708a        0     1                 .LBB47_77
80007090 80007090        0     1                 .LBB47_78
80007096 80007096        0     1                 .LBB47_79
800070a8 800070a8        0     1                 .LBB47_81
800070ae 800070ae        0     1                 .LBB47_82
800070e8 800070e8        0     1                 .LBB47_84
80007102 80007102        0     1                 .LBB47_86
8000710c 8000710c        0     1                 .LBB47_87
80007112 80007112        0     1                 .LBB47_88
80007118 80007118        0     1                 .LBB47_89
8000711e 8000711e        0     1                 .LBB47_90
80007132 80007132        0     1                 .LBB47_92
80007138 80007138        0     1                 .LBB47_93
8000714a 8000714a        0     1                 .LBB47_95
8000714e 8000714e        0     1                 .LBB47_96
8000715a 8000715a        0     1                 .LBB47_97
8000716c 8000716c        0     1                 .LBB47_98
80007184 80007184        0     1                 .LBB47_102
80007190 80007190        0     1                 .LBB47_103
800071a2 800071a2        0     1                 .LBB47_104
800071ae 800071ae        0     1                 .LBB47_105
800071ba 800071ba        0     1                 .LBB47_106
800071e8 800071e8        0     1                 .LBB47_108
800071f8 800071f8        0     1                 .LBB47_109
80007268 80007268        0     1                 .LBB47_113
80007272 80007272        0     1                 .Lpcrel_hi159
8000727c 8000727c        0     1                 .LBB47_115
8000728c 8000728c        0     1                 .LBB47_117
80007296 80007296        0     1                 .Lpcrel_hi161
800072a0 800072a0        0     1                 .LBB47_119
800072d2 800072d2        0     1                 .LBB47_122
80007300 80007300        0     1                 .LBB47_124
80007326 80007326        0     1                 .LBB47_125
80007356 80007356        0     1                 .LBB47_129
80007366 80007366        0     1                 .LBB47_130
80007366 80007366        0     1                 .Lpcrel_hi158
80007370 80007370        0     1                 .LBB47_131
80007370 80007370        0     1                 .Lpcrel_hi160
80007378 80007378        0     1                 .LBB47_132
8000738e 8000738e        0     1                 .LBB47_133
80007396 80007396        0     1                 .LBB47_134
800073b4 800073b4        0     1                 .LBB47_135
800073ba 800073ba        0     1                 .LBB47_136
800073be 800073be        0     1                 .LBB47_137
800073e6 800073e6        0     1                 .LBB47_142
800073f8 800073f8        0     1                 .LBB47_143
800073fc 800073fc        0     1                 .LBB47_144
80007426 80007426        0     1                 .LBB47_149
8000742a 8000742a        0     1                 .LBB47_150
80007452 80007452        0     1                 .LBB47_155
80007452 80007452        0     1                 .Lpcrel_hi166
8000745c 8000745c        0     1                 .LBB47_156
8000747c 8000747c        0     1                 .Lpcrel_hi164
8000748c 8000748c        0     1                 .LBB47_157
8000748c 8000748c        0     1                 .Lpcrel_hi167
80007494 80007494        0     1                 .LBB47_158
800074bc 800074bc        0     1                 .LBB47_163
800074ce 800074ce        0     1                 .LBB47_164
800074e0 800074e0        0     1                 .LBB47_165
800074f2 800074f2        0     1                 .LBB47_166
80007504 80007504        0     1                 .LBB47_169
80007508 80007508        0     1                 .LBB47_170
80007510 80007510        0     1                 .LBB47_171
8000751c 8000751c        0     1                 .LBB47_173
80007524 80007524        0     1                 .Lpcrel_hi165
80007534 80007534        0     1                 .LBB47_174
8000753a 8000753a        0     1                 .LBB47_175
80007540 80007540        0     1                 .LBB47_176
80007546 80007546        0     1                 .LBB47_177
8000754c 8000754c        0     1                 .LBB47_178
80007562 80007562        0     1                 .LBB47_179
80007566 80007566        0     1                 .LBB47_180
8000756e 8000756e        0     1                 .LBB47_181
80007586 80007586        0     1                 .LBB47_184
8000759c 8000759c        0     1                 .LBB47_185
800075a0 800075a0        0     1                 .LBB47_186
8000766c 8000766c        0     1                 .LBB47_189
8000766c 8000766c        0     1                 .Lpcrel_hi163
80007676 80007676        0     1                 .LBB47_190
800076c6 800076c6        0     1                 .LBB47_192
800076d4 800076d4        0     1                 .LBB47_193
800076d4 800076d4        0     1                 .Lpcrel_hi162
800076dc 800076dc        0     1                 .LBB47_194
800076e0 800076e0        0     1                 .LBB47_195
80007860 80007860        0     1                 .LBB47_200
80007872 80007872        0     1                 .LBB47_201
80007884 80007884        0     1                 .LBB47_202
80007894 80007894        0     1                 .LBB47_204
800078a6 800078a6        0     1                 .LBB47_206
80007968 80007968        0     1                 .LBB47_214
8000796e 8000796e        0     1                 .LBB47_215
80007976 80007976        0     1                 .LBB47_217
80007982 80007982        0     1                 .LBB47_219
80007986 80007986        0     1                 .LBB47_220
[...]
80012f50 80012f50        6     1                 __sclose
80012f56 80012f56       3c     2         lto.tmp:(.text._read_r)
80012f56 80012f56       3c     1                 _read_r
80012f60 80012f60        0     1                 .Lpcrel_hi251
80012f88 80012f88        0     1                 .LBB103_2
80012f92 80012f92       3c     2         lto.tmp:(.text._lseek_r)
80012f92 80012f92       3c     1                 _lseek_r
80012f9c 80012f9c        0     1                 .Lpcrel_hi252
80012fc4 80012fc4        0     1                 .LBB104_2
80012fce 80012fce       38     2         lto.tmp:(.text._close_r)
80012fce 80012fce       38     1                 _close_r
80012fd8 80012fd8        0     1                 .Lpcrel_hi253
80012ffc 80012ffc        0     1                 .LBB105_2
80013006 80013006      478     2         lto.tmp:(.text.__sfvwrite_r)
80013006 80013006      478     1                 __sfvwrite_r
8001303a 8001303a        0     1                 .LBB106_3
8001304c 8001304c        0     1                 .LBB106_5
80013068 80013068        0     1                 .LBB106_8
8001306a 8001306a        0     1                 .LBB106_9
80013098 80013098        0     1                 .LBB106_18
8001309e 8001309e        0     1                 .LBB106_19
800130a8 800130a8        0     1                 .LBB106_20
800130b2 800130b2        0     1                 .LBB106_21
800130bc 800130bc        0     1                 .LBB106_22
800130c6 800130c6        0     1                 .LBB106_23
800130d0 800130d0        0     1                 .LBB106_24
800130d8 800130d8        0     1                 .LBB106_25
800130da 800130da        0     1                 .LBB106_26
800130de 800130de        0     1                 .LBB106_27
80013100 80013100        0     1                 .LBB106_30
80013108 80013108        0     1                 .LBB106_32
80013134 80013134        0     1                 .LBB106_34
80013172 80013172        0     1                 .LBB106_37
80013186 80013186        0     1                 .LBB106_39
8001318e 8001318e        0     1                 .LBB106_41
800131ac 800131ac        0     1                 .LBB106_42
800131d4 800131d4        0     1                 .LBB106_44
800131ee 800131ee        0     1                 .LBB106_45
800131f6 800131f6        0     1                 .LBB106_47
80013214 80013214        0     1                 .LBB106_48
8001322a 8001322a        0     1                 .LBB106_49
80013236 80013236        0     1                 .LBB106_50
8001323e 8001323e        0     1                 .LBB106_52
80013240 80013240        0     1                 .LBB106_53
80013268 80013268        0     1                 .LBB106_55
80013296 80013296        0     1                 .LBB106_64
8001329c 8001329c        0     1                 .LBB106_65
800132a6 800132a6        0     1                 .LBB106_66
800132b0 800132b0        0     1                 .LBB106_67
800132ba 800132ba        0     1                 .LBB106_68
800132c4 800132c4        0     1                 .LBB106_69
800132ce 800132ce        0     1                 .LBB106_70
800132d6 800132d6        0     1                 .LBB106_71
800132d8 800132d8        0     1                 .LBB106_72
800132e2 800132e2        0     1                 .LBB106_73
800132ec 800132ec        0     1                 .LBB106_74
800132f6 800132f6        0     1                 .LBB106_75
80013304 80013304        0     1                 .LBB106_76
80013312 80013312        0     1                 .LBB106_77
80013320 80013320        0     1                 .LBB106_78
8001332e 8001332e        0     1                 .LBB106_79
8001333c 8001333c        0     1                 .LBB106_80
8001334a 8001334a        0     1                 .LBB106_81
8001334e 8001334e        0     1                 .LBB106_83
80013360 80013360        0     1                 .LBB106_85
80013362 80013362        0     1                 .LBB106_86
8001336a 8001336a        0     1                 .LBB106_88
800133a4 800133a4        0     1                 .LBB106_90
800133d6 800133d6        0     1                 .LBB106_99
800133fc 800133fc        0     1                 .LBB106_101
80013410 80013410        0     1                 .LBB106_102
80013422 80013422        0     1                 .LBB106_104
80013436 80013436        0     1                 .LBB106_105
8001343a 8001343a        0     1                 .LBB106_106
80013450 80013450        0     1                 .LBB106_107
80013456 80013456        0     1                 .LBB106_108
80013464 80013464        0     1                 .LBB106_109
8001347e 8001347e       c0     2         lto.tmp:(.text.__swbuf_r)
8001347e 8001347e       c0     1                 __swbuf_r
8001349a 8001349a        0     1                 .LBB107_3
800134ac 800134ac        0     1                 .LBB107_5
800134bc 800134bc        0     1                 .LBB107_7
800134d6 800134d6        0     1                 .LBB107_9
800134f2 800134f2        0     1                 .LBB107_12
80013524 80013524        0     1                 .LBB107_14
80013530 80013530        0     1                 .LBB107_15
80013532 80013532        0     1                 .LBB107_16
8001353e 8001353e       3e     2         lto.tmp:(.text._wcrtomb_r)
8001353e 8001353e       3e     1                 _wcrtomb_r
80013548 80013548        0     1                 .Lpcrel_hi254
80013558 80013558        0     1                 .LBB108_2
8001355e 8001355e        0     1                 .LBB108_3
80013572 80013572        0     1                 .LBB108_5
8001357c 8001357c       20     4         lto.tmp:(.text.__ascii_wctomb)
8001357c 8001357c       20     1                 __ascii_wctomb
80013590 80013590        0     1                 .LBB109_3
80013594 80013594        0     1                 .LBB109_4
8001359c 8001359c       3a     2         lto.tmp:(.text._write_r)
8001359c 8001359c       3a     1                 _write_r
800135a6 800135a6        0     1                 .Lpcrel_hi255
800135cc 800135cc        0     1                 .LBB110_2
800135d6 800135d6       d6     2         lto.tmp:(.text.__swsetup_r)
800135d6 800135d6       d6     1                 __swsetup_r
800135e0 800135e0        0     1                 .Lpcrel_hi256
800135f6 800135f6        0     1                 .LBB111_3
8001360c 8001360c        0     1                 .LBB111_6
80013628 80013628        0     1                 .LBB111_10
8001362c 8001362c        0     1                 .LBB111_11
80013638 80013638        0     1                 .LBB111_12
80013640 80013640        0     1                 .LBB111_13
80013660 80013660        0     1                 .LBB111_15
80013670 80013670        0     1                 .LBB111_18
8001367e 8001367e        0     1                 .LBB111_19
80013680 80013680        0     1                 .LBB111_20
80013682 80013682        0     1                 .LBB111_21
80013698 80013698        0     1                 .LBB111_23
800136a2 800136a2        0     1                 .LBB111_24
800136ac 800136ac       e0     2         lto.tmp:(.text.__smakebuf_r)
800136ac 800136ac       e0     1                 __smakebuf_r
800136f2 800136f2        0     1                 .LBB112_4
80013700 80013700        0     1                 .LBB112_5
80013704 80013704        0     1                 .LBB112_6
80013712 80013712        0     1                 .LBB112_8
80013716 80013716        0     1                 .LBB112_9
80013720 80013720        0     1                 .Lpcrel_hi257
80013754 80013754        0     1                 .LBB112_13
8001375e 8001375e        0     1                 .LBB112_14
8001377c 8001377c        0     1                 .LBB112_16
8001378c 8001378c       36     2         lto.tmp:(.text._isatty_r)
8001378c 8001378c       36     1                 _isatty_r
80013796 80013796        0     1                 .Lpcrel_hi258
800137b8 800137b8        0     1                 .LBB113_2
800137c2 800137c2       38     2         lto.tmp:(.text._fstat_r)
800137c2 800137c2       38     1                 _fstat_r
800137cc 800137cc        0     1                 .Lpcrel_hi259
800137f0 800137f0        0     1                 .LBB114_2
800137fc 800137fc       28     4         lto.tmp:(.text._close)
800137fc 800137fc       28     1                 _close
8001380a 8001380a        0     1                 .LBB115_2
80013824 80013824       24     4         lto.tmp:(.text._exit)
80013824 80013824       24     1                 _exit
80013846 80013846        0     1                 .LBB116_2
80013848 80013848       38     2         lto.tmp:(.text._fstat)
80013848 80013848       38     1                 _fstat
8001386e 8001386e        0     1                 .LBB117_2
80013880 80013880       54     4         lto.tmp:(.text._conv_stat)
80013880 80013880       54     1                 _conv_stat
800138d4 800138d4        4     2         lto.tmp:(.text._getpid)
800138d4 800138d4        4     1                 _getpid
800138d8 800138d8       1e     2         lto.tmp:(.text._isatty)
800138d8 800138d8       1e     1                 _isatty
800138f6 800138f6       16     2         lto.tmp:(.text._kill)
800138f6 800138f6       16     1                 _kill
8001390c 8001390c       28     4         lto.tmp:(.text._lseek)
8001390c 8001390c       28     1                 _lseek
8001391a 8001391a        0     1                 .LBB122_2
80013934 80013934       28     4         lto.tmp:(.text._read)
80013934 80013934       28     1                 _read
80013942 80013942        0     1                 .LBB123_2
8001395c 8001395c       62     2         lto.tmp:(.text._sbrk)
8001395c 8001395c       62     1                 _sbrk
80013962 80013962        0     1                 .Lpcrel_hi260
80013984 80013984        0     1                 .LBB124_3
800139a0 800139a0        0     1                 .LBB124_5
800139ac 800139ac        0     1                 .LBB124_6
800139b4 800139b4        0     1                 .LBB124_7
800139c0 800139c0       28     4         lto.tmp:(.text._write)
800139c0 800139c0       28     1                 _write
800139ce 800139ce        0     1                 .LBB125_2
800139e8 800139e8        0     1 .fini
800139e8 800139e8        0     1         _etext = .
800139e8 800139e8        0     1 .rodata.align
800139e8 800139e8        0     1         . = ALIGN ( 4 )
800139e8 800139e8        0     1         _rodata = .
800139e8 800139e8        0     1 .rodata.start
800139e8 800139e8        0     1         _rodata_lma = LOADADDR ( .rodata.start )
800139e8 800139e8      85c     4 .rodata
800139e8 800139e8       24     4         lto.tmp:(.rodata.prvTimerTask)
800139e8 800139e8        0     1                 .LJTI40_0
80013a0c 80013a0c      16c     4         lto.tmp:(.rodata._svfprintf_r)
80013a0c 80013a0c        0     1                 .LJTI47_0
80013b78 80013b78      16c     4         lto.tmp:(.rodata._vfiprintf_r)
80013b78 80013b78        0     1                 .LJTI88_0
80013ce4 80013ce4      1ba     4         <internal>:(.rodata.str1.4)
80013ea0 80013ea0        4     4         lto.tmp:(.rodata.uxTopUsedPriority)
80013ea0 80013ea0        4     1                 uxTopUsedPriority
80013ea4 80013ea4        4     4         lto.tmp:(.rodata.xISRStackTop)
80013ea4 80013ea4        4     1                 xISRStackTop
80013ea8 80013ea8        4     4         lto.tmp:(.rodata.uxTimerIncrementsForOneTick)
80013ea8 80013ea8        4     1                 uxTimerIncrementsForOneTick
80013eac 80013eac       10     4         lto.tmp:(.rodata._svfprintf_r.blanks)
80013eac 80013eac       10     1                 _svfprintf_r.blanks
80013ebc 80013ebc       10     4         lto.tmp:(.rodata._svfprintf_r.zeroes)
80013ebc 80013ebc       10     1                 _svfprintf_r.zeroes
80013ecc 80013ecc      101     4         lto.tmp:(.rodata._ctype_)
80013ecc 80013ecc      101     1                 _ctype_
80013fd0 80013fd0      104     4         lto.tmp:(.rodata.etens)
80013fd0 80013fd0      104     1                 etens
800140d4 800140d4       14     4         lto.tmp:(.rodata.eone)
800140d4 800140d4       14     1                 eone
800140e8 800140e8      104     4         lto.tmp:(.rodata.emtens)
800140e8 800140e8      104     1                 emtens
800141ec 800141ec       14     4         lto.tmp:(.rodata.ezero)
800141ec 800141ec       14     1                 ezero
80014200 80014200       22     4         <internal>:(.rodata.str2.4)
80014224 80014224       10     4         lto.tmp:(.rodata._vfiprintf_r.blanks)
80014224 80014224       10     1                 _vfiprintf_r.blanks
80014234 80014234       10     4         lto.tmp:(.rodata._vfiprintf_r.zeroes)
80014234 80014234       10     1                 _vfiprintf_r.zeroes
80014244 80014244        0     1         . = ALIGN ( 4 )
80014244 80014244        0     1         _erodata = .
80014244 80014244       2c     4 .eh_frame
80014244 80014244       28     1         build/start.o:(.eh_frame+0x0)
80080000 80080000        0     1 .data.align
80080000 80080000        0     1         . = ALIGN ( 4 )
80080000 80080000        0     1         _data = .
80080000 80080000        0     1 .data.start
80080000 80080000        0     1         _data_lma = LOADADDR ( .data.start )
80080000 80014270      9c0     8 .data
80080000 80014270      428     8         lto.tmp:(.data.impure_data)
80080000 80014270      428     1                 impure_data
80080428 80014698      408     4         lto.tmp:(.data.__malloc_av_)
80080428 80014698      408     1                 __malloc_av_
80080830 80014aa0      16c     4         lto.tmp:(.data.__global_locale)
80080830 80014aa0      16c     1                 __global_locale
8008099c 80014c0c        4     1         . = ALIGN ( 8 )
800809a0 80014c10        0     1         PROVIDE ( __global_pointer$ = . + 0x800 )
800809a0 80014c10       1c     4         lto.tmp:(.sdata)
800809a0 80014c10        4     1                 pullNextTime
800809a4 80014c14        4     1                 xCriticalNesting
800809a8 80014c18        4     1                 pxCriticalNesting
800809ac 80014c1c        4     1                 __malloc_trim_threshold
800809b0 80014c20        4     1                 __malloc_sbrk_base
800809b4 80014c24        4     1                 __stack_chk_guard
800809b8 80014c28        4     1                 _impure_ptr
800809bc 80014c2c        4     1         . = ALIGN ( 8 )
800809c0 80014c30        0     1         . = ALIGN ( 4 )
800809c0 80014c30        0     1         _edata = .
800809c0 80014c30        0     1 .bss.align
800809c0 80014c30        0     1         . = ALIGN ( 4 )
800809c0 80014c30        0     1         _bss = .
800809c0 80014c30        0     1 .bss.start
800809c0 80014c30        0     1         _bss_lma = LOADADDR ( .bss.start )
800809c0 80014c30    11e08    16 .bss
800809c0 80014c30       94     8         lto.tmp:(.sbss)
800809c0 80014c30        4     1                 xQueue
800809c4 80014c34        4     1                 pxCurrentTCB
800809c8 80014c38        4     1                 uxTopReadyPriority
800809cc 80014c3c        4     1                 uxTaskNumber
800809d0 80014c40        4     1                 uxDeletedTasksWaitingCleanUp
800809d4 80014c44        4     1                 uxCurrentNumberOfTasks
800809d8 80014c48        4     1                 xSchedulerRunning
800809dc 80014c4c        4     1                 uxSchedulerSuspended
800809e0 80014c50        4     1                 xTickCount
800809e4 80014c54        4     1                 pxDelayedTaskList
800809e8 80014c58        4     1                 pxOverflowDelayedTaskList
800809ec 80014c5c        4     1                 xYieldPending
800809f0 80014c60        4     1                 xIdleTaskHandle
800809f4 80014c64        4     1                 xNextTaskUnblockTime
800809f8 80014c68        4     1                 xPendedTicks
800809fc 80014c6c        4     1                 xNumOfOverflows
80080a00 80014c70        4     1                 xTimerQueue
80080a04 80014c74        4     1                 xTimerTaskHandle
80080a08 80014c78        4     1                 pxCurrentTimerList
80080a0c 80014c7c        4     1                 pxOverflowTimerList
80080a10 80014c80        4     1                 prvSampleTimeNow.xLastTime
80080a14 80014c84        4     1                 pxEnd
80080a18 80014c88        4     1                 xFreeBytesRemaining
80080a1c 80014c8c        8     1                 xStart
80080a24 80014c94        4     1                 xMinimumEverFreeBytesRemaining
80080a28 80014c98        4     1                 xNumberOfSuccessfulAllocations
80080a2c 80014c9c        4     1                 xNumberOfSuccessfulFrees
80080a30 80014ca0        8     1                 ullNextTime
80080a38 80014ca8        4     1                 pullMachineTimerCompareRegister
80080a3c 80014cac        4     1                 xTaskReturnAddress
80080a40 80014cb0        4     1                 __malloc_max_sbrked_mem
80080a44 80014cb4        4     1                 __malloc_max_total_mem
80080a48 80014cb8        4     1                 __malloc_top_pad
80080a4c 80014cbc        4     1                 errno
80080a50 80014cc0        4     1                 _sbrk.heap_end
80080a54 80014cc4       40     4         lto.tmp:(.bss.xQueueRegistry)
80080a54 80014cc4       40     1                 xQueueRegistry
80080a94 80014d04       8c     4         lto.tmp:(.bss.pxReadyTasksLists)
80080a94 80014d04       8c     1                 pxReadyTasksLists
80080b20 80014d90       14     4         lto.tmp:(.bss.xTasksWaitingTermination)
80080b20 80014d90       14     1                 xTasksWaitingTermination
80080b34 80014da4       14     4         lto.tmp:(.bss.xSuspendedTaskList)
80080b34 80014da4       14     1                 xSuspendedTaskList
80080b48 80014db8       14     4         lto.tmp:(.bss.xPendingReadyList)
80080b48 80014db8       14     1                 xPendingReadyList
80080b5c 80014dcc       14     4         lto.tmp:(.bss.xDelayedTaskList1)
80080b5c 80014dcc       14     1                 xDelayedTaskList1
80080b70 80014de0       14     4         lto.tmp:(.bss.xDelayedTaskList2)
80080b70 80014de0       14     1                 xDelayedTaskList2
80080b84 80014df4       14     4         lto.tmp:(.bss.xActiveTimerList1)
80080b84 80014df4       14     1                 xActiveTimerList1
80080b98 80014e08       14     4         lto.tmp:(.bss.xActiveTimerList2)
80080b98 80014e08       14     1                 xActiveTimerList2
80080bac 80014e1c     fbf4     4         lto.tmp:(.bss.ucHeap)
80080bac 80014e1c     fbf4     1                 ucHeap
800907a0 80024a10     2000    16         lto.tmp:(.bss.xISRStack)
800907a0 80024a10     2000     1                 xISRStack
800927a0 80026a10       28     4         lto.tmp:(.bss.__malloc_current_mallinfo)
800927a0 80026a10       28     1                 __malloc_current_mallinfo
800927c8 80026a38        0     1         . = ALIGN ( 4 )
800927c8 80026a38        0     1         _ebss = .
800927c8 80026a38        0     1 . = ALIGN ( 8 )
800927c8 80026a38        0     1 _end = .
800927c8 800927c8      134     1 .stack
800927c8 800927c8        8     1         . = ALIGN ( 16 )
800927d0 800927d0      12c     1         . += __stack_size
800928fc 800928fc        0     1         _stack_top = .
       0        0       2b     1 .riscv.attributes
       0        0       2b     1         <internal>:(.riscv.attributes)
       0        0      135     1 .comment
       0        0      135     1         <internal>:(.comment)
       0        0     1130     4 .symtab
       0        0     1130     4         <internal>:(.symtab)
       0        0       b6     1 .shstrtab
       0        0       b6     1         <internal>:(.shstrtab)
       0        0      e3b     1 .strtab
       0        0      e3b     1         <internal>:(.strtab)
